{
  "version": "1.5.0",
  "plugins_used": [
    {
      "name": "ArtifactoryDetector"
    },
    {
      "name": "AWSKeyDetector"
    },
    {
      "name": "AzureStorageKeyDetector"
    },
    {
      "name": "Base64HighEntropyString",
      "limit": 4.5
    },
    {
      "name": "BasicAuthDetector"
    },
    {
      "name": "CloudantDetector"
    },
    {
      "name": "DiscordBotTokenDetector"
    },
    {
      "name": "GitHubTokenDetector"
    },
    {
      "name": "GitLabTokenDetector"
    },
    {
      "name": "HexHighEntropyString",
      "limit": 3.0
    },
    {
      "name": "IbmCloudIamDetector"
    },
    {
      "name": "IbmCosHmacDetector"
    },
    {
      "name": "IPPublicDetector"
    },
    {
      "name": "JwtTokenDetector"
    },
    {
      "name": "KeywordDetector",
      "keyword_exclude": ""
    },
    {
      "name": "MailchimpDetector"
    },
    {
      "name": "NpmDetector"
    },
    {
      "name": "OpenAIDetector"
    },
    {
      "name": "PrivateKeyDetector"
    },
    {
      "name": "PypiTokenDetector"
    },
    {
      "name": "SendGridDetector"
    },
    {
      "name": "SlackDetector"
    },
    {
      "name": "SoftlayerDetector"
    },
    {
      "name": "SquareOAuthDetector"
    },
    {
      "name": "StripeDetector"
    },
    {
      "name": "TelegramBotTokenDetector"
    },
    {
      "name": "TwilioKeyDetector"
    }
  ],
  "filters_used": [
    {
      "path": "detect_secrets.filters.allowlist.is_line_allowlisted"
    },
    {
      "path": "detect_secrets.filters.common.is_baseline_file",
      "filename": ".secrets.baseline"
    },
    {
      "path": "detect_secrets.filters.common.is_ignored_due_to_verification_policies",
      "min_level": 2
    },
    {
      "path": "detect_secrets.filters.heuristic.is_indirect_reference"
    },
    {
      "path": "detect_secrets.filters.heuristic.is_likely_id_string"
    },
    {
      "path": "detect_secrets.filters.heuristic.is_lock_file"
    },
    {
      "path": "detect_secrets.filters.heuristic.is_not_alphanumeric_string"
    },
    {
      "path": "detect_secrets.filters.heuristic.is_potential_uuid"
    },
    {
      "path": "detect_secrets.filters.heuristic.is_prefixed_with_dollar_sign"
    },
    {
      "path": "detect_secrets.filters.heuristic.is_sequential_string"
    },
    {
      "path": "detect_secrets.filters.heuristic.is_swagger_file"
    },
    {
      "path": "detect_secrets.filters.heuristic.is_templated_secret"
    }
  ],
  "results": {
    "docs/deployment/BASE_DOCKER.md": [
      {
        "type": "Secret Keyword",
        "filename": "docs/deployment/BASE_DOCKER.md",
        "hashed_secret": "5be2d3bd4a6ddf731ec182de82931613f39c48a2",
        "is_verified": false,
        "line_number": 10,
        "is_secret": false
      }
    ],
    "examples/connectors/test_onedrive_adapter.py": [
      {
        "type": "Secret Keyword",
        "filename": "examples/connectors/test_onedrive_adapter.py",
        "hashed_secret": "c303df00cd0a72b21c62900b758b06fc541664ce",
        "is_verified": false,
        "line_number": 63
      }
    ],
    "examples/connectors/test_s3_adapter.py": [
      {
        "type": "Secret Keyword",
        "filename": "examples/connectors/test_s3_adapter.py",
        "hashed_secret": "33f220dd67f717cc949db63e21c90e130a6137da",
        "is_verified": false,
        "line_number": 62
      }
    ],
    "examples/connectors/test_sharepoint_adapter.py": [
      {
        "type": "Secret Keyword",
        "filename": "examples/connectors/test_sharepoint_adapter.py",
        "hashed_secret": "c303df00cd0a72b21c62900b758b06fc541664ce",
        "is_verified": false,
        "line_number": 63
      }
    ],
    "examples/docpipe_flow_manager/00_complete_example.py": [
      {
        "type": "Secret Keyword",
        "filename": "examples/docpipe_flow_manager/00_complete_example.py",
        "hashed_secret": "8ed4322e8e2790b8c928d381ce8d07cfd966e909",
        "is_verified": false,
        "line_number": 35
      }
    ],
    "examples/docpipe_flow_manager/README.md": [
      {
        "type": "Secret Keyword",
        "filename": "examples/docpipe_flow_manager/README.md",
        "hashed_secret": "8ed4322e8e2790b8c928d381ce8d07cfd966e909",
        "is_verified": false,
        "line_number": 52
      }
    ],
    "sample_flows/quickstart/docker_e2e_ollama_opensearch.json": [
      {
        "type": "Secret Keyword",
        "filename": "sample_flows/quickstart/docker_e2e_ollama_opensearch.json",
        "hashed_secret": "8ed4322e8e2790b8c928d381ce8d07cfd966e909",
        "is_verified": false,
        "line_number": 65,
        "is_secret": false
      }
    ],
    "src/docpipe/core/operators/functional/embeddings/adapters/outbound/litellm_adapter.py": [
      {
        "type": "Secret Keyword",
        "filename": "src/docpipe/core/operators/functional/embeddings/adapters/outbound/litellm_adapter.py",
        "hashed_secret": "bad20ce8953a58e8c0e634c770cbd5ab0644b617",
        "is_verified": false,
        "line_number": 104
      }
    ],
    "tests/integration/auth/test_jwt_integration.py": [
      {
        "type": "Secret Keyword",
        "filename": "tests/integration/auth/test_jwt_integration.py",
        "hashed_secret": "8c18f7e71403c603b5d46b2923a65278ef929c45",
        "is_verified": false,
        "line_number": 24
      }
    ],
    "tests/integration/auth/test_oauth2_flow.py": [
      {
        "type": "Secret Keyword",
        "filename": "tests/integration/auth/test_oauth2_flow.py",
        "hashed_secret": "fe1bae27cb7c1fb823f496f286e78f1d2ae87734",
        "is_verified": false,
        "line_number": 25
      }
    ],
    "tests/unit/auth/test_oauth2_config.py": [
      {
        "type": "Secret Keyword",
        "filename": "tests/unit/auth/test_oauth2_config.py",
        "hashed_secret": "fe1bae27cb7c1fb823f496f286e78f1d2ae87734",
        "is_verified": false,
        "line_number": 29
      },
      {
        "type": "Secret Keyword",
        "filename": "tests/unit/auth/test_oauth2_config.py",
        "hashed_secret": "ac76baa2fc26ee51c161d710eef11a233ed88e34",
        "is_verified": false,
        "line_number": 69
      }
    ],
    "tests/unit/auth/test_oauth2_provider.py": [
      {
        "type": "Secret Keyword",
        "filename": "tests/unit/auth/test_oauth2_provider.py",
        "hashed_secret": "fe1bae27cb7c1fb823f496f286e78f1d2ae87734",
        "is_verified": false,
        "line_number": 49
      },
      {
        "type": "Secret Keyword",
        "filename": "tests/unit/auth/test_oauth2_provider.py",
        "hashed_secret": "ac76baa2fc26ee51c161d710eef11a233ed88e34",
        "is_verified": false,
        "line_number": 66
      },
      {
        "type": "Secret Keyword",
        "filename": "tests/unit/auth/test_oauth2_provider.py",
        "hashed_secret": "33dc063ccd54ddf6aac6e1a7c63e481336b97c1d",
        "is_verified": false,
        "line_number": 78
      }
    ],
    "tests/unit/operators/ededup/test_ededup.py": [
      {
        "type": "Hex High Entropy String",
        "filename": "tests/unit/operators/ededup/test_ededup.py",
        "hashed_secret": "3bef0b2314ff8da1700d4539d67f711ba7244fc4",
        "is_verified": false,
        "line_number": 49
      },
      {
        "type": "Hex High Entropy String",
        "filename": "tests/unit/operators/ededup/test_ededup.py",
        "hashed_secret": "1bc0b9d0c444841022385b43b2e2ceb6b3523bec",
        "is_verified": false,
        "line_number": 50
      }
    ],
    "tests/unit/operators/functional/embeddings/adapters/test_watsonx_adapter.py": [
      {
        "type": "Secret Keyword",
        "filename": "tests/unit/operators/functional/embeddings/adapters/test_watsonx_adapter.py",
        "hashed_secret": "2e7a7ee14caebf378fc32d6cf6f557f347c96773",
        "is_verified": false,
        "line_number": 106
      }
    ]
  },
  "generated_at": "2026-10-09T06:13:25Z"
}
